;32mI (37) boot: chip revision: v3.0[0m
[0;32mI (41) boot.esp32: SPI SPI Flash Size : 4MB[0m
[0;32mI (55) boot: Enabling RNG early entropy source...[0m
[0;32mI (60) boot: Partitï¿½ets Jul 29 2019 12:21:46

rst:0x1 (POWERON_RESET),boot:0x13 (SPI_FAST_FLASH_BOOT)
configsip: 0, SPIWP:0xee
clk_drv:0x00,q_drv:0x00,d_drv:0x00,cs0_drv:0x00,hd_drv:0x00,wp_drv:0x00
mode:DIO, clock div:2
load:0x3fff0030,len:7136
load:0x40078000,len:15780
ho 0 tail 12 room 4
load:0x40080400,len:4
load:0x40080404,len:3884
entry 0x40080650
[0;32mI (31) boot: ESP-IDF v5.2-dev-2590-g62ee4135e0 2nd stage bootloader[0m
[0;32mI (31) boot: compile time Sep  8 2023 22:33:23[0m
[0;32mI (33) boot: Multicore bootloader[0m
[0;32mI (37) boot: chip revision: v3.0[0m
[0;32mI (41) boot.esp32: SPI Speed      : 40MHz[0m
[0;32mI (46) boot.esp32: SPI Mode       : DIO[0m
[0;32mI (50) boot.esp32: SPI Flash Size : 4MB[0m
[0;32mI (55) boot: Enabling RNG early entropy source...[0m
[0;32mI (60) boot: Partition Table:[0m
[0;32mI (64) boot: ## Label            Usage          Type ST Offset   Length[0m
[0;32mI (71) boot:  0 nvs              WiFi data        01 02 00009000 00004000[0m
[0;32mI (78) boot:  1 otadata          OTA data         01 00 0000d000 00002000[0m
[0;32mI (86) boot:  2 phy_init         RF data          01 01 0000f000 00002000[0m
[0;32mI (93) boot:  3 factory          factory app      00 00 00020000 002625a0[0m
[0;32mI (101) boot: End of partition table[0m
[0;32mI (105) boot: Defaulting to factory image[0m
[0;32mI (110) esp_image: segment 0: paddr=00020020 vaddr=3f400020 size=35614h (218644) map[0m
[0;32mI (197) esp_image: segment 1: paddr=0005563c vaddr=3ffbdb60 size=0542ch ( 21548) load[0m
[0;32mI (206) esp_image: segment 2: paddr=0005aa70 vaddr=40080000 size=055a8h ( 21928) load[0m
[0;32mI (215) esp_image: segment 3: paddr=00060020 vaddr=400d0020 size=d2fb4h (864180) map[0m
[0;32mI (528) esp_image: segment 4: paddr=00132fdc vaddr=400855a8 size=1326ch ( 78444) load[0m
[0;32mI (573) boot: Loaded app from partition at offset 0x20000[0m
[0;32mI (573) boot: Disabling RNG early entropy source...[0m
[0;32mI (585) cpu_start: Multicore app[0m
[0;32mI (585) cpu_start: Pro cpu up.[0m
[0;32mI (585) cpu_start: Starting app cpu, entry point is 0x4008128c[0m
[0;32mI (0) cpu_start: App cpu up.[0m
[0;32mI (605) cpu_start: Pro cpu start user code[0m
[0;32mI (605) cpu_start: cpu freq: 160000000 Hz[0m
[0;32mI (605) cpu_start: Application information:[0m
[0;32mI (610) cpu_start: Project name:     hifi-amp[0m
[0;32mI (615) cpu_start: App version:      1ec94e2-dirty[0m
[0;32mI (620) cpu_start: Compile time:     Sep  8 2023 23:08:11[0m
[0;32mI (626) cpu_start: ELF file SHA256:  38e2b7592...[0m
[0;32mI (632) cpu_start: ESP-IDF:          v5.2-dev-2590-g62ee4135e0[0m
[0;32mI (638) cpu_start: Min chip rev:     v0.0[0m
[0;32mI (643) cpu_start: Max chip rev:     v3.99 [0m
[0;32mI (648) cpu_start: Chip rev:         v3.0[0m
[0;32mI (653) heap_init: Initializing. RAM available for dynamic allocation:[0m
[0;32mI (660) heap_init: At 3FFAFF10 len 000000F0 (0 KiB): DRAM[0m
[0;32mI (666) heap_init: At 3FFB6388 len 00001C78 (7 KiB): DRAM[0m
[0;32mI (672) heap_init: At 3FFB9A20 len 00004108 (16 KiB): DRAM[0m
[0;32mI (678) heap_init: At 3FFCA7F8 len 00015808 (86 KiB): DRAM[0m
[0;32mI (684) heap_init: At 3FFE0440 len 00003AE0 (14 KiB): D/IRAM[0m
[0;32mI (691) heap_init: At 3FFE4350 len 0001BCB0 (111 KiB): D/IRAM[0m
[0;32mI (697) heap_init: At 40098814 len 000077EC (29 KiB): IRAM[0m
[0;32mI (705) spi_flash: detected chip: generic[0m
[0;32mI (708) spi_flash: flash io: dio[0m
[0;33mW (713) i2c: This driver is an old driver, please migrate your application code to adapt `driver/i2c_master.h`[0m
[0;32mI (723) coexist: coex firmware version: 80b0d89[0m
[0;32mI (729) app_start: Starting scheduler on CPU0[0m
[0;32mI (733[0;32mI (733) app_start: Starting scheduler on CPU1[0m
) main_task: Started on CPU0[0m
[0;32mI (743) main_task: Calling app_main()[0m
[0;32mI (743) I2CBUS::I2CBUS(): Stargting I2C bus[0m
[0;32mI (748) gpio: GPIO[14]| InputEn: 0| OutputEn: 1| OpenDrain: 0| Pullup: 0| Pulldown: 0| Intr:0 [0m
[0;32mI (758) gpio: GPIO[26]| InputEn: 0| OutputEn: 1| OpenDrain: 0| Pullup: 0| Pulldown: 0| Intr:0 [0m
[0;32mI (768) gpio: GPIO[27]| InputEn: 0| OutputEn: 1| OpenDrain: 0| Pullup: 0| Pulldown: 0| Intr:0 [0m
[0;32mI (778) gpio: GPIO[19]| InputEn: 0| OutputEn: 1| OpenDrain: 0| Pullup: 0| Pulldown: 1| Intr:0 [0m
[0;32mI (788) gpio: GPIO[12]| InputEn: 1| OutputEn: 0| OpenDrain: 0| Pullup: 0| Pulldown: 0| Intr:0 [0m
[0;32mI (793) gpio: GPIO[17]| InputEn: 1| OutputEn: 0| OpenDrain: 0| Pullup: 0| Pulldown: 0| Intr:0 [0m
[0;32mI (803) gpio: GPIO[25]| InputEn: 1| OutputEn: 0| OpenDrain: 0| Pullup: 0| Pulldown: 0| Intr:0 [0m
[0;32mI (813) gpio: GPIO[2]| InputEn: 0| OutputEn: 1| OpenDrain: 0| Pullup: 0| Pulldown: 1| Intr:0 [0m
[0;32mI (823) gpio: GPIO[2]| InputEn: 0| OutputEn: 1| OpenDrain: 0| Pullup: 0| Pulldown: 0| Intr:0 [0m
[0;32mI (838) uint32_t Timer::setTimer(uint32_t, Queue&, bool): Setting new time with timeout 60000 and ID 1 futureTime 60100 currentTime 105[0m
[0;32mI (848) void Amplifier::handleDisplayThread(): Starting Display Thread[0m
[0;32mI (853) void Amplifier::handleAudioThread(): Starting Audio Thread on Core[0m
[0;32mI (858) void Amplifier::handleTimerThread(): Starting Timer Thread on Core 0[0m
[0;32mI (863) void Amplifier::handleRadioThread(): Starting Radio Thread on Core 1[0m
[0;32mI (868) main_task: Returned from app_main()[0m
[0;32mI (908) bool I2CBUS::writeBytes(uint8_t, uint8_t*, uint8_t, uint16_t): Wriring bytes with a timeout of 250[0m
I (918) wifi:wifi driver task: 3ffbba40, prio:23, stack:6656, core=0
I (933) wifi:wifi firmware version: 341633f
I (933) wifi:wifi certification version: v7.0
I (933) wifi:config NVS flash: enabled
I (933) wifi:config nano formating: disabled
I (938) wifi:Init data frame dynamic rx buffer num: 32
I (943) wifi:Init management frame dynamic rx buffer num: 32
I (948) wifi:Init management short buffer num: 32
I (953) wifi:Init dynamic tx buffer num: 32
I (958) wifi:Init static rx buffer size: 1600
I (963) wifi:Init static rx buffer num: 10
I (963) wifi:Init dynamic rx buffer num: 32
[0;32mI (973) wifi_init: rx ba win: 6[0m
[0;32mI (973) wifi_init: tcpip mbox: 32[0m
[0;32mI (978) wifi_init: udp mbox: 6[0m
[0;32mI (983) wifi_init: tcp mbox: 6[0m
[0;32mI (983) wifi_init: tcp tx win: 5744[0m
[0;32mI (988) wifi_init: tcp rx win: 5744[0m
[0;32mI (993) wifi_init: tcp mss: 1440[0m
[0;32mI (998) wifi_init: LWIP IRAM OP enabled[0m
[0;32mI (1003) phy_init: phy_version 4771,450c73b,Aug 16 2023,11:03:10[0m
I (1083) wifi:mode : sta (b0:a7:32:f1:9f:88)
I (1088) wifi:enable tsf
[0;32mI (1088) BTDM_INIT: BT controller compile version [714174d][0m
[0;32mI (1093) BTDM_INIT: Bluetooth MAC: b0:a7:32:f1:9f:8a[0m
[0;32mI (1098) void Amplifier::attemptWifiConnect(): Attempting to connect Wifi[0m
[0;32mI (1103) void Amplifier::handleWifiCallback(int32_t): Processing Wifi Callback[0m
[0;32mI (1108) void Amplifier::handleWifiCallback(int32_t): Wifi Starting Up[0m
I (1363) wifi:new:<1,0>, old:<1,0>, ap:<255,255>, sta:<1,0>, prof:1
I (1368) wifi:state: init -> auth (b0)
I (1378) wifi:state: auth -> assoc (0)
[0;32mI (1403) NimBLE: Failed to restore IRKs from store; status=8
[0m
I (1438) wifi:state: assoc -> run (10)
I (1483) wifi:connected with The Grey Havens, aid = 1, channel 1, BW20, bssid = 26:5a:4c:99:c4:26
I (1483) wifi:security: WPA2-PSK, phy: bgn, rssi: -46
I (1493) wifi:pm start, type: 1

I (1498) wifi:<ba-add>idx:0 (ifx:0, 26:5a:4c:99:c4:26), tid:5, ssn:1, winSize:64
[0;32mI (1503) void Amplifier::handleWifiCallback(int32_t): Processing Wifi Callback[0m
[0;32mI (1503) void Amplifier::handleWifiCallback(int32_t): Wifi Connection Established[0m
I (1563) wifi:AP's beacon interval = 102400 us, DTIM period = 1
[0;32mI (1913) bool I2CBUS::writeBytes(uint8_t, uint8_t*, uint8_t, uint16_t): Issue while sending I2C data to address 78[0m
[0;32mI (2503) esp_netif_handlers: sta ip: 192.168.1.184, mask: 255.255.255.0, gw: 192.168.1.1[0m
[0;32mI (2508) void Amplifier::handleWifiCallback(int32_t): Processing Wifi Callback[0m
[0;32mI (2513) void Amplifier::handleWifiCallback(int32_t): Wifi Received IP Address[0m
[0;32mI (2518) void Amplifier::updateTimeFromNTP(): Attemping To Update Time From NTP Server[0m

assert failed: xQueueSemaphoreTake queue.c:1662 (!( ( xTaskGetSchedulerState() == ( ( BaseType_t ) 0 ) ) && ( xTicksToWait != 0 ) ))


Backtrace: 0x400818fa:0x3ffccde0 0x40091f8d:0x3ffcce00 0x40096bed:0x3ffcce20 0x4019d48a:0x3ffccf40 0x40094513:0x3ffccf80 0x4019ec86:0x3ffccfa0 0x400944a5:0x3ffccfd0 0x400d8778:0x3ffcd020 0x400d8852:0x3ffcd130 0x400d8924:0x3ffcd160 0x400d895b:0x3ffcd180 0x400d89b5:0x3ffcd1a0 0x400d7bfd:0x3ffcd1c0 0x400d7ac1:0x3ffcd1f0




ELF file SHA256: 38e2b7592

CPU halted.
